Running JAPredictBet MVP Pipeline...
Loading configuration from: config_test_50matches.yml
Discovered 30 model artifacts in artifacts\models

Pipeline configured. Starting execution...
Loaded 30 model artifacts for consensus.
Ensemble composition: 5 algorithm types
  - 21 boosters: XGBoost (10) + LightGBM (11)
  - 9 linear: Ridge (5) + ElasticNet (4)

Pipeline execution finished successfully!
Consensus betting decisions:
----------------------------------------
                 match  consensus_threshold                         consensus_label  \
0   Chelsea vs Arsenal                 0.35  Consenso: 2/30 - 7% | Status: Insegura   
1   Chelsea vs Arsenal                 0.40  Consenso: 2/30 - 7% | Status: Insegura   
2   Chelsea vs Arsenal                 0.45  Consenso: 2/30 - 7% | Status: Insegura   
3   Chelsea vs Arsenal                 0.50  Consenso: 2/30 - 7% | Status: Insegura   
4   Chelsea vs Arsenal                 0.55  Consenso: 2/30 - 7% | Status: Insegura   
5   Chelsea vs Arsenal                 0.60  Consenso: 2/30 - 7% | Status: Insegura   
6   Chelsea vs Arsenal                 0.65  Consenso: 2/30 - 7% | Status: Insegura   
7   Chelsea vs Arsenal                 0.70  Consenso: 2/30 - 7% | Status: Insegura   
8   Chelsea vs Arsenal                 0.75  Consenso: 2/30 - 7% | Status: Insegura   
9   Chelsea vs Arsenal                 0.80  Consenso: 2/30 - 7% | Status: Insegura   
10  Chelsea vs Arsenal                 0.85  Consenso: 2/30 - 7% | Status: Insegura   
11  Chelsea vs Arsenal                 0.90  Consenso: 2/30 - 7% | Status: Insegura   
12  Chelsea vs Arsenal                 0.95  Consenso: 2/30 - 7% | Status: Insegura   
13  Chelsea vs Arsenal                 1.00  Consenso: 2/30 - 7% | Status: Insegura   

                                       status_message  
0   Aposta descartada por falta de consenso (Agree...  
1   Aposta descartada por falta de consenso (Agree...  
2   Aposta descartada por falta de consenso (Agree...  
3   Aposta descartada por falta de consenso (Agree...  
4   Aposta descartada por falta de consenso (Agree...  
5   Aposta descartada por falta de consenso (Agree...  
6   Aposta descartada por falta de consenso (Agree...  
7   Aposta descartada por falta de consenso (Agree...  
8   Aposta descartada por falta de consenso (Agree...  
9   Aposta descartada por falta de consenso (Agree...  
10  Aposta descartada por falta de consenso (Agree...  
11  Aposta descartada por falta de consenso (Agree...  
12  Aposta descartada por falta de consenso (Agree...  
13  Aposta descartada por falta de consenso (Agree...  

Threshold performance (ROI/Yield):
    consensus_threshold  bets_placed  profit_total  yield  roi  hit_rate  balance_score
0                  0.35          0.0           0.0    0.0  0.0       0.0            0.0
1                  0.40          0.0           0.0    0.0  0.0       0.0            0.0
2                  0.45          0.0           0.0    0.0  0.0       0.0            0.0
3                  0.50          0.0           0.0    0.0  0.0       0.0            0.0
4                  0.55          0.0           0.0    0.0  0.0       0.0            0.0
5                  0.60          0.0           0.0    0.0  0.0       0.0            0.0
6                  0.65          0.0           0.0    0.0  0.0       0.0            0.0
7                  0.70          0.0           0.0    0.0  0.0       0.0            0.0
8                  0.75          0.0           0.0    0.0  0.0       0.0            0.0
9                  0.80          0.0           0.0    0.0  0.0       0.0            0.0
10                 0.85          0.0           0.0    0.0  0.0       0.0            0.0
11                 0.90          0.0           0.0    0.0  0.0       0.0            0.0
12                 0.95          0.0           0.0    0.0  0.0       0.0            0.0
13                 1.00          0.0           0.0    0.0  0.0       0.0            0.0

Best threshold balance (ROI x volume):
Threshold=0.35 | ROI=0.000 | Yield=0.000 | HitRate=0.000 | Bets=0

No confirmed bets after consensus filtering.
----------------------------------------
